[2026-05-19 14:21:13] running eggNOG-mapper for canu_pacbio_pilon_r2
[1;32mFunctional annotation of hits...[0m
#  emapper-2.1.13-0bf4663e
# emapper.py  -i /home/dich3309/rnaseq-tnseq-enterococcus-analysis/analyses/04_annotation/structural/prokka/efaecium_e745.faa --itype proteins -m diamond --tax_scope Bacteria --go_evidence non-electronic --data_dir /sw/data/eggNOG_data/5.0.0/rackham --output efaecium_e745 --output_dir /home/dich3309/rnaseq-tnseq-enterococcus-analysis/analyses/04_annotation/functional/eggnog --temp_dir /home/dich3309/rnaseq-tnseq-enterococcus-analysis/analyses/04_annotation/functional/eggnog --cpu 2 --override
[1;33m  /sw/arch/eb/software/DIAMOND/2.1.11-GCC-13.3.0/bin/diamond blastp -d '/gorilla/dataset/eggNOG_data/5.0.0/rackham/eggnog_proteins.dmnd' -q '/gorilla/home/dich3309/rnaseq-tnseq-enterococcus-analysis/analyses/04_annotation/structural/prokka/efaecium_e745.faa' --threads 2 -o '/gorilla/home/dich3309/rnaseq-tnseq-enterococcus-analysis/analyses/04_annotation/functional/eggnog/efaecium_e745.emapper.hits' --tmpdir '/gorilla/home/dich3309/rnaseq-tnseq-enterococcus-analysis/analyses/04_annotation/functional/eggnog/emappertmp_dmdn_whg1z0o4' --sensitive --iterate -e 0.001 --top 3  --outfmt 6 qseqid sseqid pident length mismatch gapopen qstart qend sstart send evalue bitscore qcovhsp scovhsp[0m
500 198.59586572647095 2.52 q/s (% mem usage: 24.30, % mem avail: 75.71)
1000 397.88272190093994 2.51 q/s (% mem usage: 24.10, % mem avail: 75.90)
1500 557.3822829723358 2.69 q/s (% mem usage: 24.10, % mem avail: 75.93)
2000 780.6140785217285 2.56 q/s (% mem usage: 24.20, % mem avail: 75.85)
2500 1012.5002291202545 2.47 q/s (% mem usage: 24.30, % mem avail: 75.70)
2961 1080.115113735199 2.74 q/s (% mem usage: 24.50, % mem avail: 75.52)
[32mDone[0m
[1;33mResult files:[0m
   /gorilla/home/dich3309/rnaseq-tnseq-enterococcus-analysis/analyses/04_annotation/functional/eggnog/efaecium_e745.emapper.hits
   /gorilla/home/dich3309/rnaseq-tnseq-enterococcus-analysis/analyses/04_annotation/functional/eggnog/efaecium_e745.emapper.seed_orthologs
   /gorilla/home/dich3309/rnaseq-tnseq-enterococcus-analysis/analyses/04_annotation/functional/eggnog/efaecium_e745.emapper.annotations

================================================================================
CITATION:
If you use this software, please cite:

[1] eggNOG-mapper v2: functional annotation, orthology assignments, and domain 
      prediction at the metagenomic scale. Carlos P. Cantalapiedra, 
      Ana Hernandez-Plaza, Ivica Letunic, Peer Bork, Jaime Huerta-Cepas. 2021.
      Molecular Biology and Evolution, msab293, https://doi.org/10.1093/molbev/msab293

[2] eggNOG 5.0: a hierarchical, functionally and phylogenetically annotated
      orthology resource based on 5090 organisms and 2502 viruses. Jaime
      Huerta-Cepas, Damian Szklarczyk, Davide Heller, Ana Hernandez-Plaza,
      Sofia K Forslund, Helen Cook, Daniel R Mende, Ivica Letunic, Thomas
      Rattei, Lars J Jensen, Christian von Mering and Peer Bork. Nucleic Acids
      Research, Volume 47, Issue D1, 8 January 2019, Pages D309-D314,
      https://doi.org/10.1093/nar/gky1085 

[3] Sensitive protein alignments at tree-of-life scale using DIAMOND.
       Buchfink B, Reuter K, Drost HG. 2021.
       Nature Methods 18, 366–368 (2021). https://doi.org/10.1038/s41592-021-01101-x

e.g. Functional annotation was performed using eggNOG-mapper (version emapper-2.1.13-0bf4663e) [1]
 based on eggNOG orthology data [2]. Sequence searches were performed using [3].

================================================================================

Total hits processed: 2961
Total time: 23851 secs
FINISHED
[2026-05-19 20:58:48] eggNOG-mapper canu_pacbio_pilon_r2 complete (6h 37m 35s)
[2026-05-19 20:58:48] outputs: /home/dich3309/rnaseq-tnseq-enterococcus-analysis/analyses/04_annotation/functional/eggnog
[2026-05-19 20:58:48] eggNOG-mapper functional annotation complete (total: 6h 37m 35s)
[2026-05-19 20:58:48] script finished (exit code 0)
