[2026-05-12 02:54:05] running eggNOG-mapper for bakta_canu_pacbio_pilon_r2
[1;32mFunctional annotation of hits...[0m
#  emapper-2.1.13-8000b246
# emapper.py  -i /home/dich3309/rnaseq-tnseq-enterococcus-analysis/analyses/04_annotation/structural/bakta/efaecium_e745.faa --itype proteins -m diamond --tax_scope Bacteria --go_evidence non-electronic --data_dir /sw/data/eggNOG_data/5.0.0/rackham --output efaecium_e745 --output_dir /home/dich3309/rnaseq-tnseq-enterococcus-analysis/analyses/04_annotation/functional/eggnog_bakta --temp_dir /home/dich3309/rnaseq-tnseq-enterococcus-analysis/analyses/04_annotation/functional/eggnog_bakta --cpu 2 --override
[1;33m  /sw/arch/eb/software/DIAMOND/2.1.11-GCC-13.3.0/bin/diamond blastp -d '/gorilla/dataset/eggNOG_data/5.0.0/rackham/eggnog_proteins.dmnd' -q '/gorilla/home/dich3309/rnaseq-tnseq-enterococcus-analysis/analyses/04_annotation/structural/bakta/efaecium_e745.faa' --threads 2 -o '/gorilla/home/dich3309/rnaseq-tnseq-enterococcus-analysis/analyses/04_annotation/functional/eggnog_bakta/efaecium_e745.emapper.hits' --tmpdir '/gorilla/home/dich3309/rnaseq-tnseq-enterococcus-analysis/analyses/04_annotation/functional/eggnog_bakta/emappertmp_dmdn_le6xxo3r' --sensitive --iterate -e 0.001 --top 3  --outfmt 6 qseqid sseqid pident length mismatch gapopen qstart qend sstart send evalue bitscore qcovhsp scovhsp[0m
500 222.23866629600525 2.25 q/s (% mem usage: 4.30, % mem avail: 95.69)
1000 468.8301966190338 2.13 q/s (% mem usage: 3.40, % mem avail: 96.62)
1500 667.2973854541779 2.25 q/s (% mem usage: 3.60, % mem avail: 96.38)
2000 941.6591246128082 2.12 q/s (% mem usage: 4.00, % mem avail: 96.00)
2500 1240.4727935791016 2.02 q/s (% mem usage: 4.30, % mem avail: 95.74)
2962 1329.1848740577698 2.23 q/s (% mem usage: 4.20, % mem avail: 95.78)
[32mDone[0m
[1;33mResult files:[0m
   /gorilla/home/dich3309/rnaseq-tnseq-enterococcus-analysis/analyses/04_annotation/functional/eggnog_bakta/efaecium_e745.emapper.hits
   /gorilla/home/dich3309/rnaseq-tnseq-enterococcus-analysis/analyses/04_annotation/functional/eggnog_bakta/efaecium_e745.emapper.seed_orthologs
   /gorilla/home/dich3309/rnaseq-tnseq-enterococcus-analysis/analyses/04_annotation/functional/eggnog_bakta/efaecium_e745.emapper.annotations

================================================================================
CITATION:
If you use this software, please cite:

[1] eggNOG-mapper v2: functional annotation, orthology assignments, and domain 
      prediction at the metagenomic scale. Carlos P. Cantalapiedra, 
      Ana Hernandez-Plaza, Ivica Letunic, Peer Bork, Jaime Huerta-Cepas. 2021.
      Molecular Biology and Evolution, msab293, https://doi.org/10.1093/molbev/msab293

[2] eggNOG 5.0: a hierarchical, functionally and phylogenetically annotated
      orthology resource based on 5090 organisms and 2502 viruses. Jaime
      Huerta-Cepas, Damian Szklarczyk, Davide Heller, Ana Hernandez-Plaza,
      Sofia K Forslund, Helen Cook, Daniel R Mende, Ivica Letunic, Thomas
      Rattei, Lars J Jensen, Christian von Mering and Peer Bork. Nucleic Acids
      Research, Volume 47, Issue D1, 8 January 2019, Pages D309-D314,
      https://doi.org/10.1093/nar/gky1085 

[3] Sensitive protein alignments at tree-of-life scale using DIAMOND.
       Buchfink B, Reuter K, Drost HG. 2021.
       Nature Methods 18, 366–368 (2021). https://doi.org/10.1038/s41592-021-01101-x

e.g. Functional annotation was performed using eggNOG-mapper (version emapper-2.1.13-8000b246) [1]
 based on eggNOG orthology data [2]. Sequence searches were performed using [3].

================================================================================

Total hits processed: 2962
Total time: 24123 secs
FINISHED
[2026-05-12 09:36:16] eggNOG-mapper bakta_canu_pacbio_pilon_r2 complete (6h 42m 11s)
[2026-05-12 09:36:16] outputs: /home/dich3309/rnaseq-tnseq-enterococcus-analysis/analyses/04_annotation/functional/eggnog_bakta
[2026-05-12 09:36:16] eggNOG-mapper (Bakta input) complete (total: 6h 42m 11s)
[2026-05-12 09:36:16] script finished (exit code 0)
